---
source: crates/server/tests/golden_resources.rs
expression: created
---
{
  "adaptive_pricing": null,
  "after_expiration": null,
  "allow_promotion_codes": null,
  "amount_subtotal": 2900,
  "amount_total": 2900,
  "automatic_tax": {
    "enabled": false,
    "liability": null,
    "provider": null,
    "status": null
  },
  "billing_address_collection": null,
  "cancel_url": null,
  "client_reference_id": null,
  "client_secret": "cs_test_chX0U98Xrgqx8DqgFOZcTAkjfLShFpuvLSLP4AHVNE5vSYH1oZGZQNTw_secret_WcM5R0DHVExwKaWOW8bL15AG",
  "collected_information": null,
  "consent": null,
  "consent_collection": null,
  "created": 1700000000,
  "currency": "usd",
  "currency_conversion": null,
  "custom_fields": [],
  "custom_text": {
    "after_submit": null,
    "shipping_address": null,
    "submit": null,
    "terms_of_service_acceptance": null
  },
  "customer": null,
  "customer_account": null,
  "customer_creation": "if_required",
  "customer_details": null,
  "customer_email": null,
  "discounts": [],
  "expires_at": 1700086400,
  "id": "cs_test_chX0U98Xrgqx8DqgFOZcTAkjfLShFpuvLSLP4AHVNE5vSYH1oZGZQNTw",
  "invoice": null,
  "invoice_creation": null,
  "livemode": false,
  "locale": null,
  "metadata": {},
  "mode": "subscription",
  "object": "checkout.session",
  "origin_context": null,
  "payment_intent": null,
  "payment_link": null,
  "payment_method_collection": "always",
  "payment_method_configuration_details": null,
  "payment_method_options": {},
  "payment_method_types": [
    "card"
  ],
  "payment_status": "unpaid",
  "permissions": null,
  "phone_number_collection": {
    "enabled": false
  },
  "recovered_from": null,
  "saved_payment_method_options": null,
  "setup_intent": null,
  "shipping_address_collection": null,
  "shipping_cost": null,
  "shipping_options": [],
  "status": "open",
  "submit_type": null,
  "subscription": null,
  "success_url": "https://example.com/ok",
  "total_details": {
    "amount_discount": 0,
    "amount_shipping": 0,
    "amount_tax": 0
  },
  "ui_mode": "hosted",
  "url": "http://localhost:4242/checkout/cs_test_chX0U98Xrgqx8DqgFOZcTAkjfLShFpuvLSLP4AHVNE5vSYH1oZGZQNTw",
  "wallet_options": null
}
