---
source: crates/server/tests/golden_resources.rs
expression: created
---
{
  "allow_redisplay": "unspecified",
  "billing_details": {
    "address": {
      "city": null,
      "country": null,
      "line1": null,
      "line2": null,
      "postal_code": null,
      "state": null
    },
    "email": null,
    "name": null,
    "phone": null,
    "tax_id": null
  },
  "card": {
    "brand": "visa",
    "checks": {
      "address_line1_check": null,
      "address_postal_code_check": null,
      "cvc_check": null
    },
    "country": "US",
    "display_brand": "visa",
    "exp_month": 4,
    "exp_year": 2026,
    "fingerprint": "Knkc7scXDXOjEFPL",
    "funding": "credit",
    "generated_from": null,
    "last4": "4242",
    "networks": {
      "available": [
        "visa"
      ],
      "preferred": null
    },
    "regulated_status": null,
    "three_d_secure_usage": {
      "supported": true
    },
    "wallet": null
  },
  "created": 1700000000,
  "customer": null,
  "customer_account": null,
  "id": "pm_YF37N7WUvbiCNeefwzdONWud",
  "livemode": false,
  "metadata": {},
  "object": "payment_method",
  "type": "card"
}
